---
source: src/recipe/error.rs
expression: res.unwrap_err()
---
  [31mÃ—[0m Parsing: Expected a mapping.
   â•­â”€[2:1]
 [2m2[0m â”‚                 context:
 [2m3[0m â”‚ [35;1mâ•­[0m[35;1mâ”€[0m[35;1mâ–¶[0m                 - a
 [2m4[0m â”‚ [35;1mâ”œ[0m[35;1mâ”€[0m[35;1mâ–¶[0m                 - b
   Â· [35;1mâ•°[0m[35;1mâ”€â”€â”€[0m[35;1mâ”€[0m [35;1mexpected a mapping here[0m
 [2m5[0m â”‚                 package:
   â•°â”€â”€â”€â”€

